// Jest Snapshot v1, https://goo.gl/fbAQLP

exports[`Logout renders correctly 1`] = `
<DocumentFragment>
  <div
    class="logoutt"
  >
    <button
      type="submit"
    >
      Logout
    </button>
  </div>
</DocumentFragment>
`;
